<?xml version="1.0" encoding="UTF-8"?>
<TestRun id="7bad2e18-407b-4189-8377-e45ad79ff7f9" name="jsirota@LA-JSIROTA 2011-02-08 23:38:39" runUser="INTRANET\jsirota" xmlns="http://microsoft.com/schemas/VisualStudio/TeamTest/2010">
  <TestSettings name="Local" id="217dd782-73c8-4066-8aa7-b58d74263e98">
    <Description>These are default test settings for a local test run.</Description>
    <Deployment enabled="false" runDeploymentRoot="jsirota_LA-JSIROTA 2011-02-08 23_38_39">
      <DeploymentItem filename="C:\Users\jsirota\Documents\Code\Ketchup\lib\SpecFlow\TechTalk.SpecFlow.dll" />
    </Deployment>
    <Execution>
      <TestTypeSpecific />
      <AgentRule name="Execution Agents">
      </AgentRule>
    </Execution>
  </TestSettings>
  <Times creation="2011-02-08T23:38:39.1281094-08:00" queuing="2011-02-08T23:38:40.6994257-08:00" start="2011-02-08T23:38:40.7654294-08:00" finish="2011-02-08T23:38:41.5419647-08:00" />
  <ResultSummary outcome="Inconclusive">
    <Counters total="4" executed="4" error="0" failed="0" timeout="0" aborted="0" inconclusive="4" passedButRunAborted="0" notRunnable="0" notExecuted="0" disconnected="0" warning="0" passed="0" completed="0" inProgress="0" pending="0" />
  </ResultSummary>
  <TestDefinitions>
    <UnitTest name="AddANewValueWhereOneExists" storage="c:\users\jsirota\documents\code\ketchup\src\ketchup\ketchup.spec\bin\debug\ketchup.spec.dll" id="8b7fc68e-94ca-66fb-73d5-f9535873c9cb">
      <Description>Add a new value where one exists</Description>
      <Execution id="fef47610-2f4f-48e5-bbcd-c9911c62e793" />
      <Properties>
        <Property>
          <Key>FeatureTitle</Key>
          <Value>Commands</Value>
        </Property>
      </Properties>
      <TestMethod codeBase="C:/Users/jsirota/Documents/Code/Ketchup/src/Ketchup/Ketchup.Spec/bin/Debug/Ketchup.Spec.DLL" adapterTypeName="Microsoft.VisualStudio.TestTools.TestTypes.Unit.UnitTestAdapter, Microsoft.VisualStudio.QualityTools.Tips.UnitTest.Adapter, Version=10.0.0.0, Culture=neutral, PublicKeyToken=b03f5f7f11d50a3a" className="Ketchup.Spec.Features.CommandsFeature, Ketchup.Spec, Version=1.0.0.0, Culture=neutral, PublicKeyToken=null" name="AddANewValueWhereOneExists" />
    </UnitTest>
    <UnitTest name="GetReturnsACacheMiss" storage="c:\users\jsirota\documents\code\ketchup\src\ketchup\ketchup.spec\bin\debug\ketchup.spec.dll" id="19e7c306-c3ee-2234-59e0-b81695376f6a">
      <Description>Get returns a cache miss</Description>
      <Execution id="850f1967-58c0-4fcc-8b41-69bab26071ca" />
      <Properties>
        <Property>
          <Key>FeatureTitle</Key>
          <Value>Commands</Value>
        </Property>
      </Properties>
      <TestMethod codeBase="C:/Users/jsirota/Documents/Code/Ketchup/src/Ketchup/Ketchup.Spec/bin/Debug/Ketchup.Spec.DLL" adapterTypeName="Microsoft.VisualStudio.TestTools.TestTypes.Unit.UnitTestAdapter, Microsoft.VisualStudio.QualityTools.Tips.UnitTest.Adapter, Version=10.0.0.0, Culture=neutral, PublicKeyToken=b03f5f7f11d50a3a" className="Ketchup.Spec.Features.CommandsFeature, Ketchup.Spec, Version=1.0.0.0, Culture=neutral, PublicKeyToken=null" name="GetReturnsACacheMiss" />
    </UnitTest>
    <UnitTest name="AddANewValue" storage="c:\users\jsirota\documents\code\ketchup\src\ketchup\ketchup.spec\bin\debug\ketchup.spec.dll" id="75a2ca2e-adad-7ffa-cbd1-0254a7b4f94e">
      <Description>Add a new value</Description>
      <Execution id="25f0e23a-2023-4225-8095-b9268f3309ff" />
      <Properties>
        <Property>
          <Key>FeatureTitle</Key>
          <Value>Commands</Value>
        </Property>
      </Properties>
      <TestMethod codeBase="C:/Users/jsirota/Documents/Code/Ketchup/src/Ketchup/Ketchup.Spec/bin/Debug/Ketchup.Spec.DLL" adapterTypeName="Microsoft.VisualStudio.TestTools.TestTypes.Unit.UnitTestAdapter, Microsoft.VisualStudio.QualityTools.Tips.UnitTest.Adapter, Version=10.0.0.0, Culture=neutral, PublicKeyToken=b03f5f7f11d50a3a" className="Ketchup.Spec.Features.CommandsFeature, Ketchup.Spec, Version=1.0.0.0, Culture=neutral, PublicKeyToken=null" name="AddANewValue" />
    </UnitTest>
    <UnitTest name="GetAnExistingValue" storage="c:\users\jsirota\documents\code\ketchup\src\ketchup\ketchup.spec\bin\debug\ketchup.spec.dll" id="f007b0e3-c8bf-c796-4305-58e398cb3b6a">
      <Description>Get an existing value</Description>
      <Execution id="556564c0-f2da-4f5c-9934-b9e54c50b555" />
      <Properties>
        <Property>
          <Key>FeatureTitle</Key>
          <Value>Commands</Value>
        </Property>
      </Properties>
      <TestMethod codeBase="C:/Users/jsirota/Documents/Code/Ketchup/src/Ketchup/Ketchup.Spec/bin/Debug/Ketchup.Spec.DLL" adapterTypeName="Microsoft.VisualStudio.TestTools.TestTypes.Unit.UnitTestAdapter, Microsoft.VisualStudio.QualityTools.Tips.UnitTest.Adapter, Version=10.0.0.0, Culture=neutral, PublicKeyToken=b03f5f7f11d50a3a" className="Ketchup.Spec.Features.CommandsFeature, Ketchup.Spec, Version=1.0.0.0, Culture=neutral, PublicKeyToken=null" name="GetAnExistingValue" />
    </UnitTest>
  </TestDefinitions>
  <TestLists>
    <TestList name="Results Not in a List" id="8c84fa94-04c1-424b-9868-57a2d4851a1d" />
    <TestList name="All Loaded Results" id="19431567-8539-422a-85d7-44ee4e166bda" />
  </TestLists>
  <TestEntries>
    <TestEntry testId="19e7c306-c3ee-2234-59e0-b81695376f6a" executionId="850f1967-58c0-4fcc-8b41-69bab26071ca" testListId="8c84fa94-04c1-424b-9868-57a2d4851a1d" />
    <TestEntry testId="75a2ca2e-adad-7ffa-cbd1-0254a7b4f94e" executionId="25f0e23a-2023-4225-8095-b9268f3309ff" testListId="8c84fa94-04c1-424b-9868-57a2d4851a1d" />
    <TestEntry testId="8b7fc68e-94ca-66fb-73d5-f9535873c9cb" executionId="fef47610-2f4f-48e5-bbcd-c9911c62e793" testListId="8c84fa94-04c1-424b-9868-57a2d4851a1d" />
    <TestEntry testId="f007b0e3-c8bf-c796-4305-58e398cb3b6a" executionId="556564c0-f2da-4f5c-9934-b9e54c50b555" testListId="8c84fa94-04c1-424b-9868-57a2d4851a1d" />
  </TestEntries>
  <Results>
    <UnitTestResult executionId="850f1967-58c0-4fcc-8b41-69bab26071ca" testId="19e7c306-c3ee-2234-59e0-b81695376f6a" testName="GetReturnsACacheMiss" computerName="LA-JSIROTA" duration="00:00:00.0655976" startTime="2011-02-08T23:38:40.7974313-08:00" endTime="2011-02-08T23:38:41.2924596-08:00" testType="13cdc9d9-ddb5-4fa4-a97d-d965ccfc6d4b" outcome="Inconclusive" testListId="8c84fa94-04c1-424b-9868-57a2d4851a1d" relativeResultsDirectory="850f1967-58c0-4fcc-8b41-69bab26071ca">
      <Output>
        <StdOut>Given a key
-&gt; No matching step definition found for the step. Use the following code to create one:
    [Binding]
public class StepDefinitions
{
    [Given(@"a key")]
public void GivenAKey()
{
    ScenarioContext.Current.Pending();
}
    }

And the key is a string
-&gt; No matching step definition found for the step. Use the following code to create one:
    [Binding]
public class StepDefinitions
{
    [Given(@"the key is a string")]
public void GivenTheKeyIsAString()
{
    ScenarioContext.Current.Pending();
}
    }

And the key does not exist
-&gt; No matching step definition found for the step. Use the following code to create one:
    [Binding]
public class StepDefinitions
{
    [Given(@"the key does not exist")]
public void GivenTheKeyDoesNotExist()
{
    ScenarioContext.Current.Pending();
}
    }

When I execute Get
-&gt; No matching step definition found for the step. Use the following code to create one:
    [Binding]
public class StepDefinitions
{
    [When(@"I execute Get")]
public void WhenIExecuteGet()
{
    ScenarioContext.Current.Pending();
}
    }

Then the result should be null
-&gt; No matching step definition found for the step. Use the following code to create one:
    [Binding]
public class StepDefinitions
{
    [Then(@"the result should be null")]
public void ThenTheResultShouldBeNull()
{
    ScenarioContext.Current.Pending();
}
    }</StdOut>
        <ErrorInfo>
          <Message>Assert.Inconclusive failed. No matching step definition found for one or more steps.
[Binding]
public class StepDefinitions
{
    [Given(@"a key")]
public void GivenAKey()
{
    ScenarioContext.Current.Pending();
}
    
    [Given(@"the key does not exist")]
public void GivenTheKeyDoesNotExist()
{
    ScenarioContext.Current.Pending();
}
    
    [Given(@"the key is a string")]
public void GivenTheKeyIsAString()
{
    ScenarioContext.Current.Pending();
}
    
    [Then(@"the result should be null")]
public void ThenTheResultShouldBeNull()
{
    ScenarioContext.Current.Pending();
}
    
    [When(@"I execute Get")]
public void WhenIExecuteGet()
{
    ScenarioContext.Current.Pending();
}
}
</Message>
          <StackTrace>   at lambda_method(Closure , String , Object[] )
   at TechTalk.SpecFlow.UnitTestProvider.MsTestRuntimeProvider.TestInconclusive(String message)
   at TechTalk.SpecFlow.ErrorHandling.ErrorProvider.ThrowPendingError(TestStatus testStatus, String message)
   at TechTalk.SpecFlow.TestRunner.CollectScenarioErrors()
   at Ketchup.Spec.Features.CommandsFeature.GetReturnsACacheMiss() in c:\Users\jsirota\Documents\Code\Ketchup\src\Ketchup\Ketchup.Spec\Features\Commands.feature:line 12
</StackTrace>
        </ErrorInfo>
      </Output>
    </UnitTestResult>
    <UnitTestResult executionId="25f0e23a-2023-4225-8095-b9268f3309ff" testId="75a2ca2e-adad-7ffa-cbd1-0254a7b4f94e" testName="AddANewValue" computerName="LA-JSIROTA" duration="00:00:00.0239851" startTime="2011-02-08T23:38:41.3244614-08:00" endTime="2011-02-08T23:38:41.3644620-08:00" testType="13cdc9d9-ddb5-4fa4-a97d-d965ccfc6d4b" outcome="Inconclusive" testListId="8c84fa94-04c1-424b-9868-57a2d4851a1d" relativeResultsDirectory="25f0e23a-2023-4225-8095-b9268f3309ff">
      <Output>
        <StdOut>Given a key
-&gt; No matching step definition found for the step. Use the following code to create one:
    [Binding]
public class StepDefinitions
{
    [Given(@"a key")]
public void GivenAKey()
{
    ScenarioContext.Current.Pending();
}
    }

And an value
-&gt; No matching step definition found for the step. Use the following code to create one:
    [Binding]
public class StepDefinitions
{
    [Given(@"an value")]
public void GivenAnValue()
{
    ScenarioContext.Current.Pending();
}
    }

And the key does not exist
-&gt; No matching step definition found for the step. Use the following code to create one:
    [Binding]
public class StepDefinitions
{
    [Given(@"the key does not exist")]
public void GivenTheKeyDoesNotExist()
{
    ScenarioContext.Current.Pending();
}
    }

When I execute Add
-&gt; No matching step definition found for the step. Use the following code to create one:
    [Binding]
public class StepDefinitions
{
    [When(@"I execute Add")]
public void WhenIExecuteAdd()
{
    ScenarioContext.Current.Pending();
}
    }

Then no exception should be thrown
-&gt; No matching step definition found for the step. Use the following code to create one:
    [Binding]
public class StepDefinitions
{
    [Then(@"no exception should be thrown")]
public void ThenNoExceptionShouldBeThrown()
{
    ScenarioContext.Current.Pending();
}
    }</StdOut>
        <ErrorInfo>
          <Message>Assert.Inconclusive failed. No matching step definition found for one or more steps.
[Binding]
public class StepDefinitions
{
    [Given(@"a key")]
public void GivenAKey()
{
    ScenarioContext.Current.Pending();
}
    
    [Given(@"an value")]
public void GivenAnValue()
{
    ScenarioContext.Current.Pending();
}
    
    [Given(@"the key does not exist")]
public void GivenTheKeyDoesNotExist()
{
    ScenarioContext.Current.Pending();
}
    
    [Then(@"no exception should be thrown")]
public void ThenNoExceptionShouldBeThrown()
{
    ScenarioContext.Current.Pending();
}
    
    [When(@"I execute Add")]
public void WhenIExecuteAdd()
{
    ScenarioContext.Current.Pending();
}
}
</Message>
          <StackTrace>   at lambda_method(Closure , String , Object[] )
   at TechTalk.SpecFlow.UnitTestProvider.MsTestRuntimeProvider.TestInconclusive(String message)
   at TechTalk.SpecFlow.ErrorHandling.ErrorProvider.ThrowPendingError(TestStatus testStatus, String message)
   at TechTalk.SpecFlow.TestRunner.CollectScenarioErrors()
   at Ketchup.Spec.Features.CommandsFeature.AddANewValue() in c:\Users\jsirota\Documents\Code\Ketchup\src\Ketchup\Ketchup.Spec\Features\Commands.feature:line 27
</StackTrace>
        </ErrorInfo>
      </Output>
    </UnitTestResult>
    <UnitTestResult executionId="fef47610-2f4f-48e5-bbcd-c9911c62e793" testId="8b7fc68e-94ca-66fb-73d5-f9535873c9cb" testName="AddANewValueWhereOneExists" computerName="LA-JSIROTA" duration="00:00:00.0089896" startTime="2011-02-08T23:38:41.3769622-08:00" endTime="2011-02-08T23:38:41.3994626-08:00" testType="13cdc9d9-ddb5-4fa4-a97d-d965ccfc6d4b" outcome="Inconclusive" testListId="8c84fa94-04c1-424b-9868-57a2d4851a1d" relativeResultsDirectory="fef47610-2f4f-48e5-bbcd-c9911c62e793">
      <Output>
        <StdOut>Given a key
-&gt; No matching step definition found for the step. Use the following code to create one:
    [Binding]
public class StepDefinitions
{
    [Given(@"a key")]
public void GivenAKey()
{
    ScenarioContext.Current.Pending();
}
    }

And a value
-&gt; No matching step definition found for the step. Use the following code to create one:
    [Binding]
public class StepDefinitions
{
    [Given(@"a value")]
public void GivenAValue()
{
    ScenarioContext.Current.Pending();
}
    }

And the key already exists
-&gt; No matching step definition found for the step. Use the following code to create one:
    [Binding]
public class StepDefinitions
{
    [Given(@"the key already exists")]
public void GivenTheKeyAlreadyExists()
{
    ScenarioContext.Current.Pending();
}
    }

When I execute Add
-&gt; No matching step definition found for the step. Use the following code to create one:
    [Binding]
public class StepDefinitions
{
    [When(@"I execute Add")]
public void WhenIExecuteAdd()
{
    ScenarioContext.Current.Pending();
}
    }

Then an exception should be thrown
-&gt; No matching step definition found for the step. Use the following code to create one:
    [Binding]
public class StepDefinitions
{
    [Then(@"an exception should be thrown")]
public void ThenAnExceptionShouldBeThrown()
{
    ScenarioContext.Current.Pending();
}
    }</StdOut>
        <ErrorInfo>
          <Message>Assert.Inconclusive failed. No matching step definition found for one or more steps.
[Binding]
public class StepDefinitions
{
    [Given(@"a key")]
public void GivenAKey()
{
    ScenarioContext.Current.Pending();
}
    
    [Given(@"a value")]
public void GivenAValue()
{
    ScenarioContext.Current.Pending();
}
    
    [Given(@"the key already exists")]
public void GivenTheKeyAlreadyExists()
{
    ScenarioContext.Current.Pending();
}
    
    [Then(@"an exception should be thrown")]
public void ThenAnExceptionShouldBeThrown()
{
    ScenarioContext.Current.Pending();
}
    
    [When(@"I execute Add")]
public void WhenIExecuteAdd()
{
    ScenarioContext.Current.Pending();
}
}
</Message>
          <StackTrace>   at lambda_method(Closure , String , Object[] )
   at TechTalk.SpecFlow.UnitTestProvider.MsTestRuntimeProvider.TestInconclusive(String message)
   at TechTalk.SpecFlow.ErrorHandling.ErrorProvider.ThrowPendingError(TestStatus testStatus, String message)
   at TechTalk.SpecFlow.TestRunner.CollectScenarioErrors()
   at Ketchup.Spec.Features.CommandsFeature.AddANewValueWhereOneExists() in c:\Users\jsirota\Documents\Code\Ketchup\src\Ketchup\Ketchup.Spec\Features\Commands.feature:line 35
</StackTrace>
        </ErrorInfo>
      </Output>
    </UnitTestResult>
    <UnitTestResult executionId="556564c0-f2da-4f5c-9934-b9e54c50b555" testId="f007b0e3-c8bf-c796-4305-58e398cb3b6a" testName="GetAnExistingValue" computerName="LA-JSIROTA" duration="00:00:00.0106527" startTime="2011-02-08T23:38:41.4044626-08:00" endTime="2011-02-08T23:38:41.4269630-08:00" testType="13cdc9d9-ddb5-4fa4-a97d-d965ccfc6d4b" outcome="Inconclusive" testListId="8c84fa94-04c1-424b-9868-57a2d4851a1d" relativeResultsDirectory="556564c0-f2da-4f5c-9934-b9e54c50b555">
      <Output>
        <StdOut>Given a key
-&gt; No matching step definition found for the step. Use the following code to create one:
    [Binding]
public class StepDefinitions
{
    [Given(@"a key")]
public void GivenAKey()
{
    ScenarioContext.Current.Pending();
}
    }

And and the key exists
-&gt; No matching step definition found for the step. Use the following code to create one:
    [Binding]
public class StepDefinitions
{
    [Given(@"and the key exists")]
public void GivenAndTheKeyExists()
{
    ScenarioContext.Current.Pending();
}
    }

When I execute Get
-&gt; No matching step definition found for the step. Use the following code to create one:
    [Binding]
public class StepDefinitions
{
    [When(@"I execute Get")]
public void WhenIExecuteGet()
{
    ScenarioContext.Current.Pending();
}
    }

Then the result should be an object
-&gt; No matching step definition found for the step. Use the following code to create one:
    [Binding]
public class StepDefinitions
{
    [Then(@"the result should be an object")]
public void ThenTheResultShouldBeAnObject()
{
    ScenarioContext.Current.Pending();
}
    }</StdOut>
        <ErrorInfo>
          <Message>Assert.Inconclusive failed. No matching step definition found for one or more steps.
[Binding]
public class StepDefinitions
{
    [Given(@"a key")]
public void GivenAKey()
{
    ScenarioContext.Current.Pending();
}
    
    [Given(@"and the key exists")]
public void GivenAndTheKeyExists()
{
    ScenarioContext.Current.Pending();
}
    
    [Then(@"the result should be an object")]
public void ThenTheResultShouldBeAnObject()
{
    ScenarioContext.Current.Pending();
}
    
    [When(@"I execute Get")]
public void WhenIExecuteGet()
{
    ScenarioContext.Current.Pending();
}
}
</Message>
          <StackTrace>   at lambda_method(Closure , String , Object[] )
   at TechTalk.SpecFlow.UnitTestProvider.MsTestRuntimeProvider.TestInconclusive(String message)
   at TechTalk.SpecFlow.ErrorHandling.ErrorProvider.ThrowPendingError(TestStatus testStatus, String message)
   at TechTalk.SpecFlow.TestRunner.CollectScenarioErrors()
   at Ketchup.Spec.Features.CommandsFeature.GetAnExistingValue() in c:\Users\jsirota\Documents\Code\Ketchup\src\Ketchup\Ketchup.Spec\Features\Commands.feature:line 19
</StackTrace>
        </ErrorInfo>
      </Output>
    </UnitTestResult>
  </Results>
</TestRun>