<?xml version="1.0" encoding="UTF-8"?>
<TestRun id="54644996-ff2a-4141-95e7-d5a6fcfa77b9" name="jsirota@LA-JSIROTA 2011-02-08 23:50:49" runUser="INTRANET\jsirota" xmlns="http://microsoft.com/schemas/VisualStudio/TeamTest/2010">
  <TestSettings name="Local" id="217dd782-73c8-4066-8aa7-b58d74263e98">
    <Description>These are default test settings for a local test run.</Description>
    <Deployment enabled="false" runDeploymentRoot="jsirota_LA-JSIROTA 2011-02-08 23_50_49">
      <DeploymentItem filename="C:\Users\jsirota\Documents\Code\Ketchup\lib\SpecFlow\TechTalk.SpecFlow.dll" />
    </Deployment>
    <Execution>
      <TestTypeSpecific />
      <AgentRule name="Execution Agents">
      </AgentRule>
    </Execution>
  </TestSettings>
  <Times creation="2011-02-08T23:50:49.8411762-08:00" queuing="2011-02-08T23:50:49.8531769-08:00" start="2011-02-08T23:50:49.8671777-08:00" finish="2011-02-08T23:50:50.2391990-08:00" />
  <ResultSummary outcome="Inconclusive">
    <Counters total="1" executed="1" error="0" failed="0" timeout="0" aborted="0" inconclusive="1" passedButRunAborted="0" notRunnable="0" notExecuted="0" disconnected="0" warning="0" passed="0" completed="0" inProgress="0" pending="0" />
  </ResultSummary>
  <TestDefinitions>
    <UnitTest name="AddANewValue" storage="c:\users\jsirota\documents\code\ketchup\src\ketchup\ketchup.spec\bin\debug\ketchup.spec.dll" id="75a2ca2e-adad-7ffa-cbd1-0254a7b4f94e">
      <Description>Add a new value</Description>
      <Execution id="315ad603-2fa7-43bd-886e-b58454c7f916" />
      <Properties>
        <Property>
          <Key>FeatureTitle</Key>
          <Value>Commands</Value>
        </Property>
      </Properties>
      <TestMethod codeBase="C:/Users/jsirota/Documents/Code/Ketchup/src/Ketchup/Ketchup.Spec/bin/Debug/Ketchup.Spec.DLL" adapterTypeName="Microsoft.VisualStudio.TestTools.TestTypes.Unit.UnitTestAdapter, Microsoft.VisualStudio.QualityTools.Tips.UnitTest.Adapter, Version=10.0.0.0, Culture=neutral, PublicKeyToken=b03f5f7f11d50a3a" className="Ketchup.Spec.Features.CommandsFeature, Ketchup.Spec, Version=1.0.0.0, Culture=neutral, PublicKeyToken=null" name="AddANewValue" />
    </UnitTest>
  </TestDefinitions>
  <TestLists>
    <TestList name="Results Not in a List" id="8c84fa94-04c1-424b-9868-57a2d4851a1d" />
    <TestList name="All Loaded Results" id="19431567-8539-422a-85d7-44ee4e166bda" />
  </TestLists>
  <TestEntries>
    <TestEntry testId="75a2ca2e-adad-7ffa-cbd1-0254a7b4f94e" executionId="315ad603-2fa7-43bd-886e-b58454c7f916" testListId="8c84fa94-04c1-424b-9868-57a2d4851a1d" />
  </TestEntries>
  <Results>
    <UnitTestResult executionId="315ad603-2fa7-43bd-886e-b58454c7f916" testId="75a2ca2e-adad-7ffa-cbd1-0254a7b4f94e" testName="AddANewValue" computerName="LA-JSIROTA" duration="00:00:00.0636493" startTime="2011-02-08T23:50:49.8771783-08:00" endTime="2011-02-08T23:50:50.2221980-08:00" testType="13cdc9d9-ddb5-4fa4-a97d-d965ccfc6d4b" outcome="Inconclusive" testListId="8c84fa94-04c1-424b-9868-57a2d4851a1d" relativeResultsDirectory="315ad603-2fa7-43bd-886e-b58454c7f916">
      <Output>
        <StdOut>Given a new memcached client
-&gt; No matching step definition found for the step. Use the following code to create one:
    [Binding]
public class StepDefinitions
{
    [Given(@"a new memcached client")]
public void GivenANewMemcachedClient()
{
    ScenarioContext.Current.Pending();
}
    }

When I execute Add with a key and a value
-&gt; No matching step definition found for the step. Use the following code to create one:
    [Binding]
public class StepDefinitions
{
    [When(@"I execute Add with a key and a value")]
public void WhenIExecuteAddWithAKeyAndAValue()
{
    ScenarioContext.Current.Pending();
}
    }

And the key does not exist
-&gt; No matching step definition found for the step. Use the following code to create one:
    [Binding]
public class StepDefinitions
{
    [When(@"the key does not exist")]
public void WhenTheKeyDoesNotExist()
{
    ScenarioContext.Current.Pending();
}
    }

Then the value should be added
-&gt; No matching step definition found for the step. Use the following code to create one:
    [Binding]
public class StepDefinitions
{
    [Then(@"the value should be added")]
public void ThenTheValueShouldBeAdded()
{
    ScenarioContext.Current.Pending();
}
    }</StdOut>
        <ErrorInfo>
          <Message>Assert.Inconclusive failed. No matching step definition found for one or more steps.
[Binding]
public class StepDefinitions
{
    [Given(@"a new memcached client")]
public void GivenANewMemcachedClient()
{
    ScenarioContext.Current.Pending();
}
    
    [Then(@"the value should be added")]
public void ThenTheValueShouldBeAdded()
{
    ScenarioContext.Current.Pending();
}
    
    [When(@"I execute Add with a key and a value")]
public void WhenIExecuteAddWithAKeyAndAValue()
{
    ScenarioContext.Current.Pending();
}
    
    [When(@"the key does not exist")]
public void WhenTheKeyDoesNotExist()
{
    ScenarioContext.Current.Pending();
}
}
</Message>
          <StackTrace>   at lambda_method(Closure , String , Object[] )
   at TechTalk.SpecFlow.UnitTestProvider.MsTestRuntimeProvider.TestInconclusive(String message)
   at TechTalk.SpecFlow.ErrorHandling.ErrorProvider.ThrowPendingError(TestStatus testStatus, String message)
   at TechTalk.SpecFlow.TestRunner.CollectScenarioErrors()
   at Ketchup.Spec.Features.CommandsFeature.AddANewValue() in c:\Users\jsirota\Documents\Code\Ketchup\src\Ketchup\Ketchup.Spec\Features\Commands.feature:line 11
</StackTrace>
        </ErrorInfo>
      </Output>
    </UnitTestResult>
  </Results>
</TestRun>